 driver

 Timestamp is 692efdf9 (Tue Dec  2 18:25:53 2025)

 Preferred load address is 0000000140000000

 Start         Length     Name                   Class
 0001:00000000 00000fe0H .text$mn                CODE
 0001:00000fe0 00000060H .text$mn$00             CODE
 0001:00001040 000002b0H .text$mn$21             CODE
 0001:000012f0 000000eeH .text$s                 CODE
 0002:00000000 000000b0H .idata$5                DATA
 0002:000000b0 00000180H .00cfg                  DATA
 0002:00000230 00000020H .gfids                  DATA
 0002:00000250 00000000H .gfids$y                DATA
 0002:00000250 000001b0H .rdata                  DATA
 0002:00000400 00000000H .rdata$CastGuardVftablesA DATA
 0002:00000400 00000000H .rdata$CastGuardVftablesC DATA
 0002:00000400 00000168H .rdata$zzzdbg           DATA
 0002:00000568 00000128H .xdata                  DATA
 0003:00000000 00000030H .data                   DATA
 0003:00000030 00000060H .bss                    DATA
 0004:00000000 000000d8H .pdata                  DATA
 0005:00000000 00000000H INIT                    CODE
 0005:00000000 00000014H .idata$2                CODE
 0005:00000014 00000014H .idata$3                CODE
 0005:00000028 000000b0H .idata$4                CODE
 0005:000000d8 000001f6H .idata$6                CODE

  Address         Publics by Value              Rva+Base               Lib:Object

 0000:00000000       __AbsoluteZero             0000000000000000     <absolute>
 0000:00000000       ___safe_se_handler_count   0000000000000000     <absolute>
 0000:00000000       ___safe_se_handler_table   0000000000000000     <absolute>
 0000:00000000       __arm64x_extra_rfe_table   0000000000000000     <absolute>
 0000:00000000       __arm64x_extra_rfe_table_size 0000000000000000     <absolute>
 0000:00000000       __arm64x_native_entrypoint 0000000000000000     <absolute>
 0000:00000000       __arm64x_redirection_metadata 0000000000000000     <absolute>
 0000:00000000       __arm64x_redirection_metadata_count 0000000000000000     <absolute>
 0000:00000000       __dynamic_value_reloc_table 0000000000000000     <absolute>
 0000:00000000       __enclave_config           0000000000000000     <absolute>
 0000:00000000       __guard_check_icall_a64n_fptr 0000000000000000     <absolute>
 0000:00000000       __guard_eh_cont_count      0000000000000000     <absolute>
 0000:00000000       __guard_eh_cont_table      0000000000000000     <absolute>
 0000:00000000       __guard_iat_count          0000000000000000     <absolute>
 0000:00000000       __guard_iat_table          0000000000000000     <absolute>
 0000:00000000       __guard_longjmp_count      0000000000000000     <absolute>
 0000:00000000       __guard_longjmp_table      0000000000000000     <absolute>
 0000:00000000       __hybrid_auxiliary_delayload_iat 0000000000000000     <absolute>
 0000:00000000       __hybrid_auxiliary_delayload_iat_copy 0000000000000000     <absolute>
 0000:00000000       __hybrid_auxiliary_iat     0000000000000000     <absolute>
 0000:00000000       __hybrid_auxiliary_iat_copy 0000000000000000     <absolute>
 0000:00000000       __hybrid_code_map          0000000000000000     <absolute>
 0000:00000000       __hybrid_code_map_count    0000000000000000     <absolute>
 0000:00000000       __hybrid_image_info_bitfield 0000000000000000     <absolute>
 0000:00000000       __volatile_metadata        0000000000000000     <absolute>
 0000:00000000       __x64_code_ranges_to_entry_points 0000000000000000     <absolute>
 0000:00000000       __x64_code_ranges_to_entry_points_count 0000000000000000     <absolute>
 0000:00000008       __guard_fids_count         0000000000000008     <absolute>
 0000:00014500       __guard_flags              0000000000014500     <absolute>
 0001:00000000       CleanupThreadRoutine       0000000140001000 f   main.obj
 0001:00000120       DriverEntry                0000000140001120 f   main.obj
 0001:00000130       IsDebuggerPresent          0000000140001130 f   main.obj
 0001:000001a0       RandomDelay                00000001400011a0 f   main.obj
 0001:000001f0       ReadPhysicalAddress        00000001400011f0 f   main.obj
 0001:000002e0       TranslateLinearAddress     00000001400012e0 f   main.obj
 0001:000005f0       WritePhysicalAddress       00000001400015f0 f   main.obj
 0001:000006e0       dispatch                   00000001400016e0 f   main.obj
 0001:00000710       get_base_address           0000000140001710 f   main.obj
 0001:00000790       init                       0000000140001790 f   main.obj
 0001:00000ae0       io_device_control          0000000140001ae0 f   main.obj
 0001:00000f50       unload_driver              0000000140001f50 f   main.obj
 0001:00000f90       unsupported_dispatch       0000000140001f90 f   main.obj
 0001:00000fc0       _guard_check_icall_nop     0000000140001fc0 f i BufferOverflowFastFailK:guard_check.obj
 0001:00000fd0       __C_specific_handler       0000000140001fd0 f   ntoskrnl:ntoskrnl.exe
 0001:00000ff0       _guard_dispatch_icall_nop  0000000140001ff0 f   BufferOverflowFastFailK:guard_dispatch.obj
 0001:00001010       _guard_xfg_dispatch_icall_nop 0000000140002010 f   BufferOverflowFastFailK:guard_xfg_dispatch.obj
 0001:00001040       memcpy                     0000000140002040 f   ntoskrnl:memcpy.obj
 0001:00001040       memmove                    0000000140002040 f   ntoskrnl:memcpy.obj
 0001:000012f0       ??_C@_0N@EGKHOMEL@MmCopyMemory@FNODOBFM@ 00000001400022f0     main.obj
 0001:00001300       ??_C@_1FO@IKGKJCMC@?$AA?2?$AAD?$AAe?$AAv?$AAi?$AAc?$AAe?$AA?2?$AA?$HL?$AA7?$AA7?$AA7?$AA7?$AA7?$AA7@FNODOBFM@ 0000000140002300     main.obj
 0001:00001360       ??_C@_1GG@LCNBPKCP@?$AA?2?$AAD?$AAo?$AAs?$AAD?$AAe?$AAv?$AAi?$AAc?$AAe?$AAs?$AA?2?$AA?$HL?$AA7?$AA7@FNODOBFM@ 0000000140002360     main.obj
 0001:000013d0       ??_C@_0O@JGECDCHJ@RtlGetVersion@FNODOBFM@ 00000001400023d0     main.obj
 0002:00000000       __imp_RtlInitAnsiString    0000000140003000     ntoskrnl:ntoskrnl.exe
 0002:00000008       __imp_RtlInitUnicodeString 0000000140003008     ntoskrnl:ntoskrnl.exe
 0002:00000010       __imp_MmGetSystemRoutineAddress 0000000140003010     ntoskrnl:ntoskrnl.exe
 0002:00000018       __imp_KeDelayExecutionThread 0000000140003018     ntoskrnl:ntoskrnl.exe
 0002:00000020       __imp_MmMapIoSpace         0000000140003020     ntoskrnl:ntoskrnl.exe
 0002:00000028       __imp_MmUnmapIoSpace       0000000140003028     ntoskrnl:ntoskrnl.exe
 0002:00000030       __imp_PsCreateSystemThread 0000000140003030     ntoskrnl:ntoskrnl.exe
 0002:00000038       __imp_PsTerminateSystemThread 0000000140003038     ntoskrnl:ntoskrnl.exe
 0002:00000040       __imp_IofCompleteRequest   0000000140003040     ntoskrnl:ntoskrnl.exe
 0002:00000048       __imp_IoCreateDevice       0000000140003048     ntoskrnl:ntoskrnl.exe
 0002:00000050       __imp_IoCreateSymbolicLink 0000000140003050     ntoskrnl:ntoskrnl.exe
 0002:00000058       __imp_IoDeleteDevice       0000000140003058     ntoskrnl:ntoskrnl.exe
 0002:00000060       __imp_IoDeleteSymbolicLink 0000000140003060     ntoskrnl:ntoskrnl.exe
 0002:00000068       __imp_ObfDereferenceObject 0000000140003068     ntoskrnl:ntoskrnl.exe
 0002:00000070       __imp_PsLookupProcessByProcessId 0000000140003070     ntoskrnl:ntoskrnl.exe
 0002:00000078       __imp_IoCreateDriver       0000000140003078     ntoskrnl:ntoskrnl.exe
 0002:00000080       __imp_PsGetProcessSectionBaseAddress 0000000140003080     ntoskrnl:ntoskrnl.exe
 0002:00000088       __imp___C_specific_handler 0000000140003088     ntoskrnl:ntoskrnl.exe
 0002:00000090       KdDebuggerNotPresent       0000000140003090     ntoskrnl:ntoskrnl.exe
 0002:00000090       __imp_KdDebuggerNotPresent 0000000140003090     ntoskrnl:ntoskrnl.exe
 0002:00000098       KdDebuggerEnabled          0000000140003098     ntoskrnl:ntoskrnl.exe
 0002:00000098       __imp_KdDebuggerEnabled    0000000140003098     ntoskrnl:ntoskrnl.exe
 0002:000000a0       __imp_PsInitialSystemProcess 00000001400030a0     ntoskrnl:ntoskrnl.exe
 0002:000000a8       \177ntoskrnl_NULL_THUNK_DATA 00000001400030a8     ntoskrnl:ntoskrnl.exe
 0002:000000b0       __guard_check_icall_fptr   00000001400030b0     BufferOverflowFastFailK:guard_support.obj
 0002:000000b8       __guard_dispatch_icall_fptr 00000001400030b8     BufferOverflowFastFailK:guard_support.obj
 0002:000000c0       __guard_xfg_check_icall_fptr 00000001400030c0     BufferOverflowFastFailK:guard_support.obj
 0002:000000c8       __guard_xfg_dispatch_icall_fptr 00000001400030c8     BufferOverflowFastFailK:guard_support.obj
 0002:000000d0       __guard_xfg_table_dispatch_icall_fptr 00000001400030d0     BufferOverflowFastFailK:guard_support.obj
 0002:000000d8       __castguard_check_failure_os_handled_fptr 00000001400030d8     BufferOverflowFastFailK:guard_support.obj
 0002:000000e0       __uma_functions            00000001400030e0     BufferOverflowFastFailK:loadcfg.obj
 0002:00000230       __guard_fids_table         0000000140003230     <linker-defined>
 0002:00000250       _load_config_used          0000000140003250     BufferOverflowFastFailK:loadcfg.obj
 0003:00000000       g_DeviceName               0000000140004000     main.obj
 0003:00000008       g_DosDevices               0000000140004008     main.obj
 0003:00000020       __security_cookie          0000000140004020     BufferOverflowFastFailK:gs_support.obj
 0003:00000030       driver_object              0000000140004030     main.obj
 0003:00000038       dirbase                    0000000140004038     main.obj
 0003:00000040       cleanup_thread_handle      0000000140004040     main.obj
 0003:00000048       should_stop_cleanup        0000000140004048     main.obj
 0003:0000004c       monitored_cs2_pid          000000014000404c     main.obj
 0003:00000050       monitored_cheat_pid        0000000140004050     main.obj
 0003:00000058       pRtlGetVersion             0000000140004058     main.obj
 0003:00000060       pMmCopyMemory              0000000140004060     main.obj
 0003:00000070       dos                        0000000140004070     <common>
 0003:00000080       dev                        0000000140004080     <common>
 0005:00000000       __IMPORT_DESCRIPTOR_ntoskrnl 0000000140006000     ntoskrnl:ntoskrnl.exe
 0005:00000014       __NULL_IMPORT_DESCRIPTOR   0000000140006014     ntoskrnl:ntoskrnl.exe

 entry point at        0001:00000120

 Static symbols

 0002:ffffd000       __guard_fids_DriverEntry   0000000140000000     main.obj
 0002:ffffd000       __guard_fids_init          0000000140000000     main.obj
 0002:ffffd000       __guard_fids__             0000000140000000     BufferOverflowFastFailK:guard_support.obj
 0002:ffffd000       __guard_fids__             0000000140000000     BufferOverflowFastFailK:guard_support.obj
 0002:ffffd000       __guard_fids__guard_icall_checks_enforced 0000000140000000     BufferOverflowFastFailK:guard_support.obj
 0001:00000ff0       $$000000                   0000000140001ff0     BufferOverflowFastFailK:guard_dispatch.obj
 0001:00001010       $$000000                   0000000140002010     BufferOverflowFastFailK:guard_xfg_dispatch.obj
 0001:00001040       $$000000                   0000000140002040     ntoskrnl:memcpy.obj
 0001:00001060       mcpy00                     0000000140002060     ntoskrnl:memcpy.obj
 0001:00001080       mcpy10                     0000000140002080     ntoskrnl:memcpy.obj
 0001:0000109a       mcpy20                     000000014000209a     ntoskrnl:memcpy.obj
 0001:000010a0       mcpy30                     00000001400020a0     ntoskrnl:memcpy.obj
 0001:000010c0       xcpy00                     00000001400020c0     ntoskrnl:memcpy.obj
 0001:000010f1       xcpy10                     00000001400020f1     ntoskrnl:memcpy.obj
 0001:00001140       xcpy13                     0000000140002140     ntoskrnl:memcpy.obj
 0001:0000116f       xcpy15                     000000014000216f     ntoskrnl:memcpy.obj
 0001:00001191       xcpy20                     0000000140002191     ntoskrnl:memcpy.obj
 0001:000011a5       xcpy30                     00000001400021a5     ntoskrnl:memcpy.obj
 0001:000011c0       lcpy00                     00000001400021c0     ntoskrnl:memcpy.obj
 0001:00001200       lcpy10                     0000000140002200     ntoskrnl:memcpy.obj
 0001:00001240       xmov00                     0000000140002240     ntoskrnl:memcpy.obj
 0001:0000126d       xmov10                     000000014000226d     ntoskrnl:memcpy.obj
 0001:00001280       xmov13                     0000000140002280     ntoskrnl:memcpy.obj
 0001:000012af       xmov15                     00000001400022af     ntoskrnl:memcpy.obj
 0001:000012d1       xmov20                     00000001400022d1     ntoskrnl:memcpy.obj
 0001:000012e6       xmov30                     00000001400022e6     ntoskrnl:memcpy.obj
 0002:00000568       $unwind$RandomDelay        0000000140003568     main.obj
 0002:00000568       $unwind$dispatch           0000000140003568     main.obj
 0002:00000568       $unwind$unload_driver      0000000140003568     main.obj
 0002:00000568       $unwind$unsupported_dispatch 0000000140003568     main.obj
 0002:00000574       $unwind$ReadPhysicalAddress 0000000140003574     main.obj
 0002:0000058c       $unwind$WritePhysicalAddress 000000014000358c     main.obj
 0002:000005bc       $unwind$TranslateLinearAddress 00000001400035bc     main.obj
 0002:000005d8       $unwind$CleanupThreadRoutine 00000001400035d8     main.obj
 0002:000005e0       $chain$1$CleanupThreadRoutine 00000001400035e0     main.obj
 0002:000005f8       $chain$2$CleanupThreadRoutine 00000001400035f8     main.obj
 0002:0000060c       $unwind$get_base_address   000000014000360c     main.obj
 0002:0000061c       $unwind$io_device_control  000000014000361c     main.obj
 0002:0000064c       $unwind$init               000000014000364c     main.obj
 0002:00000660       $chain$1$init              0000000140003660     main.obj
 0002:00000674       $chain$2$init              0000000140003674     main.obj
 0002:00000688       $xdatasym$_guard_dispatch_icall_nop 0000000140003688     BufferOverflowFastFailK:guard_dispatch.obj
 0002:00000688       $xdatasym$_guard_xfg_dispatch_icall_nop 0000000140003688     BufferOverflowFastFailK:guard_xfg_dispatch.obj
 0002:00000688       $xdatasym$memcpy           0000000140003688     ntoskrnl:memcpy.obj
 0005:000002c0       .idata$6                   00000001400062c0     ntoskrnl:ntoskrnl.exe

 Exports

  ordinal    name

